
> rosago-backend@1.0.0 test:e2e
> jest --config ./test/jest-e2e.json

node.exe : PASS test/app.e2e-spec.ts (19.854 s)
At line:1 char:1
+ & "C:\Program Files\nodejs/node.exe" "C:\Users\user\AppData\Roaming\n ...
+ ~~~~~~~~~~~~~~~~~~~~~~~~~~~~~~~~~~~~~~~~~~~~~~~~~~~~~~~~~~~~~~~~~~~~~
    + CategoryInfo          : NotSpecified: (PASS test/app.e2e-spec.ts (19.854 
    s):String) [], RemoteException
    + FullyQualifiedErrorId : NativeCommandError
 
  ÔùÅ Console

    console.error
      Error: Unhandled error. (Error: Redis version needs to be greater or 
equal than 5.0.0 Current: 3.0.504
          at RedisConnection.init (C:\Users\user\Desktop\qoder ROSAgo\rosago\ba
ckend\node_modules\bullmq\src\classes\redis-connection.ts:258:17)
          at processTicksAndRejections 
(node:internal/process/task_queues:103:5))
          at Queue.emit (node:events:497:17)
          at Queue.emit (C:\Users\user\Desktop\qoder 
ROSAgo\rosago\backend\node_modules\bullmq\src\classes\queue-base.ts:123:20)
          at Queue.emit (C:\Users\user\Desktop\qoder 
ROSAgo\rosago\backend\node_modules\bullmq\src\classes\queue.ts:192:18)
          at RedisConnection.<anonymous> (C:\Users\user\Desktop\qoder 
ROSAgo\rosago\backend\node_modules\bullmq\src\classes\queue-base.ts:75:56)
          at RedisConnection.emit (node:events:508:28)
          at C:\Users\user\Desktop\qoder ROSAgo\rosago\backend\node_modules\bul
lmq\src\classes\redis-connection.ts:133:41
          at processTicksAndRejections 
(node:internal/process/task_queues:103:5) {
        code: 'ERR_UNHANDLED_ERROR',
        context: Error: Redis version needs to be greater or equal than 5.0.0 
Current: 3.0.504
            at RedisConnection.init (C:\Users\user\Desktop\qoder ROSAgo\rosago\
backend\node_modules\bullmq\src\classes\redis-connection.ts:258:17)
            at processTicksAndRejections 
(node:internal/process/task_queues:103:5)
      }

      at Queue.emit (../node_modules/bullmq/src/classes/queue-base.ts:129:17)
      at Queue.emit (../node_modules/bullmq/src/classes/queue.ts:192:18)
      at RedisConnection.<anonymous> 
(../node_modules/bullmq/src/classes/queue-base.ts:75:56)
      at ../node_modules/bullmq/src/classes/redis-connection.ts:133:41

    console.error
      Error: Unhandled error. (Error: Redis version needs to be greater or 
equal than 5.0.0 Current: 3.0.504
          at RedisConnection.init (C:\Users\user\Desktop\qoder ROSAgo\rosago\ba
ckend\node_modules\bullmq\src\classes\redis-connection.ts:258:17)
          at processTicksAndRejections 
(node:internal/process/task_queues:103:5))
          at Queue.emit (node:events:497:17)
          at Queue.emit (C:\Users\user\Desktop\qoder 
ROSAgo\rosago\backend\node_modules\bullmq\src\classes\queue-base.ts:123:20)
          at Queue.emit (C:\Users\user\Desktop\qoder 
ROSAgo\rosago\backend\node_modules\bullmq\src\classes\queue.ts:192:18)
          at RedisConnection.<anonymous> (C:\Users\user\Desktop\qoder 
ROSAgo\rosago\backend\node_modules\bullmq\src\classes\queue-base.ts:75:56)
          at RedisConnection.emit (node:events:508:28)
          at C:\Users\user\Desktop\qoder ROSAgo\rosago\backend\node_modules\bul
lmq\src\classes\redis-connection.ts:133:41
          at processTicksAndRejections 
(node:internal/process/task_queues:103:5) {
        code: 'ERR_UNHANDLED_ERROR',
        context: Error: Redis version needs to be greater or equal than 5.0.0 
Current: 3.0.504
            at RedisConnection.init (C:\Users\user\Desktop\qoder ROSAgo\rosago\
backend\node_modules\bullmq\src\classes\redis-connection.ts:258:17)
            at processTicksAndRejections 
(node:internal/process/task_queues:103:5)
      }

      at Queue.emit (../node_modules/bullmq/src/classes/queue-base.ts:129:17)
      at Queue.emit (../node_modules/bullmq/src/classes/queue.ts:192:18)
      at RedisConnection.<anonymous> 
(../node_modules/bullmq/src/classes/queue-base.ts:75:56)
      at ../node_modules/bullmq/src/classes/redis-connection.ts:133:41

FAIL test/trips.e2e-spec.ts (20.75 s)
  ÔùÅ Console

    console.error
      Error: Unhandled error. (Error: Redis version needs to be greater or 
equal than 5.0.0 Current: 3.0.504
          at RedisConnection.init (C:\Users\user\Desktop\qoder ROSAgo\rosago\ba
ckend\node_modules\bullmq\src\classes\redis-connection.ts:258:17)
          at processTicksAndRejections 
(node:internal/process/task_queues:103:5))
          at Queue.emit (node:events:497:17)
          at Queue.emit (C:\Users\user\Desktop\qoder 
ROSAgo\rosago\backend\node_modules\bullmq\src\classes\queue-base.ts:123:20)
          at Queue.emit (C:\Users\user\Desktop\qoder 
ROSAgo\rosago\backend\node_modules\bullmq\src\classes\queue.ts:192:18)
          at RedisConnection.<anonymous> (C:\Users\user\Desktop\qoder 
ROSAgo\rosago\backend\node_modules\bullmq\src\classes\queue-base.ts:75:56)
          at RedisConnection.emit (node:events:508:28)
          at C:\Users\user\Desktop\qoder ROSAgo\rosago\backend\node_modules\bul
lmq\src\classes\redis-connection.ts:133:41
          at processTicksAndRejections 
(node:internal/process/task_queues:103:5) {
        code: 'ERR_UNHANDLED_ERROR',
        context: Error: Redis version needs to be greater or equal than 5.0.0 
Current: 3.0.504
            at RedisConnection.init (C:\Users\user\Desktop\qoder ROSAgo\rosago\
backend\node_modules\bullmq\src\classes\redis-connection.ts:258:17)
            at processTicksAndRejections 
(node:internal/process/task_queues:103:5)
      }

      at Queue.emit (../node_modules/bullmq/src/classes/queue-base.ts:129:17)
      at Queue.emit (../node_modules/bullmq/src/classes/queue.ts:192:18)
      at RedisConnection.<anonymous> 
(../node_modules/bullmq/src/classes/queue-base.ts:75:56)
      at ../node_modules/bullmq/src/classes/redis-connection.ts:133:41

    console.error
      Error: Unhandled error. (Error: Redis version needs to be greater or 
equal than 5.0.0 Current: 3.0.504
          at RedisConnection.init (C:\Users\user\Desktop\qoder ROSAgo\rosago\ba
ckend\node_modules\bullmq\src\classes\redis-connection.ts:258:17)
          at processTicksAndRejections 
(node:internal/process/task_queues:103:5))
          at Queue.emit (node:events:497:17)
          at Queue.emit (C:\Users\user\Desktop\qoder 
ROSAgo\rosago\backend\node_modules\bullmq\src\classes\queue-base.ts:123:20)
          at Queue.emit (C:\Users\user\Desktop\qoder 
ROSAgo\rosago\backend\node_modules\bullmq\src\classes\queue.ts:192:18)
          at RedisConnection.<anonymous> (C:\Users\user\Desktop\qoder 
ROSAgo\rosago\backend\node_modules\bullmq\src\classes\queue-base.ts:75:56)
          at RedisConnection.emit (node:events:508:28)
          at C:\Users\user\Desktop\qoder ROSAgo\rosago\backend\node_modules\bul
lmq\src\classes\redis-connection.ts:133:41
          at processTicksAndRejections 
(node:internal/process/task_queues:103:5) {
        code: 'ERR_UNHANDLED_ERROR',
        context: Error: Redis version needs to be greater or equal than 5.0.0 
Current: 3.0.504
            at RedisConnection.init (C:\Users\user\Desktop\qoder ROSAgo\rosago\
backend\node_modules\bullmq\src\classes\redis-connection.ts:258:17)
            at processTicksAndRejections 
(node:internal/process/task_queues:103:5)
      }

      at Queue.emit (../node_modules/bullmq/src/classes/queue-base.ts:129:17)
      at Queue.emit (../node_modules/bullmq/src/classes/queue.ts:192:18)
      at RedisConnection.<anonymous> 
(../node_modules/bullmq/src/classes/queue-base.ts:75:56)
      at ../node_modules/bullmq/src/classes/redis-connection.ts:133:41

    console.log
      [Auth Controller] Login attempt: admin@saferide.com

      at AuthController.login (../src/modules/auth/auth.controller.ts:17:13)

    console.log
      [AuthService] Validating user: admin@saferide.com

      at AuthService.validateUser (../src/modules/auth/auth.service.ts:19:13)

    console.log
      [AuthService] User found: yes

      at AuthService.validateUser (../src/modules/auth/auth.service.ts:21:13)

    console.log
      [AuthService] User role: COMPANY_ADMIN

      at AuthService.validateUser (../src/modules/auth/auth.service.ts:23:15)

    console.log
      [AuthService] Comparing passwords...

      at AuthService.validateUser (../src/modules/auth/auth.service.ts:24:15)

    console.log
      [AuthService] Password match: true

      at AuthService.validateUser (../src/modules/auth/auth.service.ts:26:15)

    console.log
      [Auth Controller] User validation result: success

      at AuthController.login (../src/modules/auth/auth.controller.ts:19:13)

  ÔùÅ Trips (e2e) ÔÇ║ Trip Generation ÔÇ║ should generate trips for today when 
none exist

    PrismaClientKnownRequestError: 
    Invalid `prisma.trip.deleteMany()` invocation in
    C:\Users\user\Desktop\qoder 
ROSAgo\rosago\backend\test\trips.e2e-spec.ts:77:25

      74 const tomorrow = new Date(today);
      75 tomorrow.setDate(tomorrow.getDate() + 1);
      76 
    ÔåÆ 77 await prisma.trip.deleteMany(
    Foreign key constraint violated: `TripHistory_tripId_fkey (index)`

      75 |       tomorrow.setDate(tomorrow.getDate() + 1);
      76 |
    > 77 |       await prisma.trip.deleteMany({
         |       ^
      78 |         where: {
      79 |           startTime: {
      80 |             gte: today,

      at $n.handleRequestError 
(../node_modules/@prisma/client/runtime/library.js:121:7315)
      at $n.handleAndLogRequestError 
(../node_modules/@prisma/client/runtime/library.js:121:6623)
      at $n.request 
(../node_modules/@prisma/client/runtime/library.js:121:6307)
      at l (../node_modules/@prisma/client/runtime/library.js:130:9633)
      at Object.<anonymous> (trips.e2e-spec.ts:77:7)

  ÔùÅ Trips (e2e) ÔÇ║ Trip Status Transitions ÔÇ║ should transition trip from 
SCHEDULED to IN_PROGRESS

    PrismaClientKnownRequestError: 
    Invalid `prisma.trip.delete()` invocation in
    C:\Users\user\Desktop\qoder 
ROSAgo\rosago\backend\test\trips.e2e-spec.ts:168:31

      165 
      166 afterEach(async () => {
      167   // Clean up
    ÔåÆ 168   await prisma.trip.delete(
    Foreign key constraint violated: `TripHistory_tripId_fkey (index)`

      166 |     afterEach(async () => {
      167 |       // Clean up
    > 168 |       await prisma.trip.delete({
          |       ^
      169 |         where: { id: testTripId },
      170 |       });
      171 |     });

      at $n.handleRequestError 
(../node_modules/@prisma/client/runtime/library.js:121:7315)
      at $n.handleAndLogRequestError 
(../node_modules/@prisma/client/runtime/library.js:121:6623)
      at $n.request 
(../node_modules/@prisma/client/runtime/library.js:121:6307)
      at l (../node_modules/@prisma/client/runtime/library.js:130:9633)
      at Object.<anonymous> (trips.e2e-spec.ts:168:7)

  ÔùÅ Trips (e2e) ÔÇ║ Trip Status Transitions ÔÇ║ should transition trip to 
COMPLETED

    PrismaClientKnownRequestError: 
    Invalid `prisma.trip.delete()` invocation in
    C:\Users\user\Desktop\qoder 
ROSAgo\rosago\backend\test\trips.e2e-spec.ts:168:31

      165 
      166 afterEach(async () => {
      167   // Clean up
    ÔåÆ 168   await prisma.trip.delete(
    Foreign key constraint violated: `TripHistory_tripId_fkey (index)`

      166 |     afterEach(async () => {
      167 |       // Clean up
    > 168 |       await prisma.trip.delete({
          |       ^
      169 |         where: { id: testTripId },
      170 |       });
      171 |     });

      at $n.handleRequestError 
(../node_modules/@prisma/client/runtime/library.js:121:7315)
      at $n.handleAndLogRequestError 
(../node_modules/@prisma/client/runtime/library.js:121:6623)
      at $n.request 
(../node_modules/@prisma/client/runtime/library.js:121:6307)
      at l (../node_modules/@prisma/client/runtime/library.js:130:9633)
      at Object.<anonymous> (trips.e2e-spec.ts:168:7)

[31m[Nest] 18496  - [39m17/12/2025, 00:12:28 [31m  ERROR[39m 
[38;5;3m[ExceptionsHandler] [39m[31m
Invalid `this.prisma.user.findUnique()` invocation in
C:\Users\user\Desktop\qoder 
ROSAgo\rosago\backend\src\modules\users\users.service.ts:16:29

  13 }
  14 
  15 async findByEmail(email: string): Promise<User | null> {
ÔåÆ 16   return this.prisma.user.findUnique({
         where: {
           email: undefined,
       ?   id?: String,
       ?   AND?: UserWhereInput | UserWhereInput[],
       ?   OR?: UserWhereInput[],
       ?   NOT?: UserWhereInput | UserWhereInput[],
       ?   passwordHash?: StringFilter | String,
       ?   firstName?: StringFilter | String,
       ?   lastName?: StringFilter | String,
       ?   phone?: StringNullableFilter | String | Null,
       ?   role?: EnumRoleFilter | Role,
       ?   refreshToken?: StringNullableFilter | String | Null,
       ?   companyId?: StringNullableFilter | String | Null,
       ?   schoolId?: StringNullableFilter | String | Null,
       ?   createdAt?: DateTimeFilter | DateTime,
       ?   updatedAt?: DateTimeFilter | DateTime,
       ?   company?: CompanyNullableRelationFilter | CompanyWhereInput | Null,
       ?   school?: SchoolNullableRelationFilter | SchoolWhereInput | Null,
       ?   driver?: DriverNullableRelationFilter | DriverWhereInput | Null,
       ?   parentChildren?: ChildListRelationFilter,
       ?   paymentIntents?: PaymentIntentListRelationFilter,
       ?   notifications?: NotificationListRelationFilter,
       ?   auditLogs?: AuditLogListRelationFilter,
       ?   earlyPickupRequests?: EarlyPickupRequestListRelationFilter,
       ?   approvedEarlyPickups?: EarlyPickupRequestListRelationFilter
         }
       })

Argument `where` of type UserWhereUniqueInput needs at least one of `id` or 
`email` arguments. Available options are marked with ?.[39m
PrismaClientValidationError: 
Invalid `this.prisma.user.findUnique()` invocation in
C:\Users\user\Desktop\qoder 
ROSAgo\rosago\backend\src\modules\users\users.service.ts:16:29

  13 }
  14 
  15 async findByEmail(email: string): Promise<User | null> {
ÔåÆ 16   return this.prisma.user.findUnique({
         where: {
           email: undefined,
       ?   id?: String,
       ?   AND?: UserWhereInput | UserWhereInput[],
       ?   OR?: UserWhereInput[],
       ?   NOT?: UserWhereInput | UserWhereInput[],
       ?   passwordHash?: StringFilter | String,
       ?   firstName?: StringFilter | String,
       ?   lastName?: StringFilter | String,
       ?   phone?: StringNullableFilter | String | Null,
       ?   role?: EnumRoleFilter | Role,
       ?   refreshToken?: StringNullableFilter | String | Null,
       ?   companyId?: StringNullableFilter | String | Null,
       ?   schoolId?: StringNullableFilter | String | Null,
       ?   createdAt?: DateTimeFilter | DateTime,
       ?   updatedAt?: DateTimeFilter | DateTime,
       ?   company?: CompanyNullableRelationFilter | CompanyWhereInput | Null,
       ?   school?: SchoolNullableRelationFilter | SchoolWhereInput | Null,
       ?   driver?: DriverNullableRelationFilter | DriverWhereInput | Null,
       ?   parentChildren?: ChildListRelationFilter,
       ?   paymentIntents?: PaymentIntentListRelationFilter,
       ?   notifications?: NotificationListRelationFilter,
       ?   auditLogs?: AuditLogListRelationFilter,
       ?   earlyPickupRequests?: EarlyPickupRequestListRelationFilter,
       ?   approvedEarlyPickups?: EarlyPickupRequestListRelationFilter
         }
       })

Argument `where` of type UserWhereUniqueInput needs at least one of `id` or 
`email` arguments. Available options are marked with ?.
    at wn (C:\Users\user\Desktop\qoder 
ROSAgo\rosago\backend\node_modules\@prisma\client\runtime\library.js:29:1363)
    at $n.handleRequestError (C:\Users\user\Desktop\qoder 
ROSAgo\rosago\backend\node_modules\@prisma\client\runtime\library.js:121:6958)
    at $n.handleAndLogRequestError (C:\Users\user\Desktop\qoder 
ROSAgo\rosago\backend\node_modules\@prisma\client\runtime\library.js:121:6623)
    at $n.request (C:\Users\user\Desktop\qoder 
ROSAgo\rosago\backend\node_modules\@prisma\client\runtime\library.js:121:6307)
    at l (C:\Users\user\Desktop\qoder 
ROSAgo\rosago\backend\node_modules\@prisma\client\runtime\library.js:130:9633)
    at AuthService.validateUser (C:\Users\user\Desktop\qoder 
ROSAgo\rosago\backend\src\modules\auth\auth.service.ts:20:18)
    at AuthController.login (C:\Users\user\Desktop\qoder 
ROSAgo\rosago\backend\src\modules\auth\auth.controller.ts:18:18)
    at C:\Users\user\Desktop\qoder ROSAgo\rosago\backend\node_modules\@nestjs\c
ore\router\router-execution-context.js:46:28
    at C:\Users\user\Desktop\qoder 
ROSAgo\rosago\backend\node_modules\@nestjs\core\router\router-proxy.js:9:17
PASS test/children.e2e-spec.ts (21.542 s)
  ÔùÅ Console

    console.error
      Error: Unhandled error. (Error: Redis version needs to be greater or 
equal than 5.0.0 Current: 3.0.504
          at RedisConnection.init (C:\Users\user\Desktop\qoder ROSAgo\rosago\ba
ckend\node_modules\bullmq\src\classes\redis-connection.ts:258:17)
          at processTicksAndRejections 
(node:internal/process/task_queues:103:5))
          at Queue.emit (node:events:497:17)
          at Queue.emit (C:\Users\user\Desktop\qoder 
ROSAgo\rosago\backend\node_modules\bullmq\src\classes\queue-base.ts:123:20)
          at Queue.emit (C:\Users\user\Desktop\qoder 
ROSAgo\rosago\backend\node_modules\bullmq\src\classes\queue.ts:192:18)
          at RedisConnection.<anonymous> (C:\Users\user\Desktop\qoder 
ROSAgo\rosago\backend\node_modules\bullmq\src\classes\queue-base.ts:75:56)
          at RedisConnection.emit (node:events:508:28)
          at C:\Users\user\Desktop\qoder ROSAgo\rosago\backend\node_modules\bul
lmq\src\classes\redis-connection.ts:133:41
          at processTicksAndRejections 
(node:internal/process/task_queues:103:5) {
        code: 'ERR_UNHANDLED_ERROR',
        context: Error: Redis version needs to be greater or equal than 5.0.0 
Current: 3.0.504
            at RedisConnection.init (C:\Users\user\Desktop\qoder ROSAgo\rosago\
backend\node_modules\bullmq\src\classes\redis-connection.ts:258:17)
            at processTicksAndRejections 
(node:internal/process/task_queues:103:5)
      }

      at Queue.emit (../node_modules/bullmq/src/classes/queue-base.ts:129:17)
      at Queue.emit (../node_modules/bullmq/src/classes/queue.ts:192:18)
      at RedisConnection.<anonymous> 
(../node_modules/bullmq/src/classes/queue-base.ts:75:56)
      at ../node_modules/bullmq/src/classes/redis-connection.ts:133:41

    console.error
      Error: Unhandled error. (Error: Redis version needs to be greater or 
equal than 5.0.0 Current: 3.0.504
          at RedisConnection.init (C:\Users\user\Desktop\qoder ROSAgo\rosago\ba
ckend\node_modules\bullmq\src\classes\redis-connection.ts:258:17)
          at processTicksAndRejections 
(node:internal/process/task_queues:103:5))
          at Queue.emit (node:events:497:17)
          at Queue.emit (C:\Users\user\Desktop\qoder 
ROSAgo\rosago\backend\node_modules\bullmq\src\classes\queue-base.ts:123:20)
          at Queue.emit (C:\Users\user\Desktop\qoder 
ROSAgo\rosago\backend\node_modules\bullmq\src\classes\queue.ts:192:18)
          at RedisConnection.<anonymous> (C:\Users\user\Desktop\qoder 
ROSAgo\rosago\backend\node_modules\bullmq\src\classes\queue-base.ts:75:56)
          at RedisConnection.emit (node:events:508:28)
          at C:\Users\user\Desktop\qoder ROSAgo\rosago\backend\node_modules\bul
lmq\src\classes\redis-connection.ts:133:41
          at processTicksAndRejections 
(node:internal/process/task_queues:103:5) {
        code: 'ERR_UNHANDLED_ERROR',
        context: Error: Redis version needs to be greater or equal than 5.0.0 
Current: 3.0.504
            at RedisConnection.init (C:\Users\user\Desktop\qoder ROSAgo\rosago\
backend\node_modules\bullmq\src\classes\redis-connection.ts:258:17)
            at processTicksAndRejections 
(node:internal/process/task_queues:103:5)
      }

      at Queue.emit (../node_modules/bullmq/src/classes/queue-base.ts:129:17)
      at Queue.emit (../node_modules/bullmq/src/classes/queue.ts:192:18)
      at RedisConnection.<anonymous> 
(../node_modules/bullmq/src/classes/queue-base.ts:75:56)
      at ../node_modules/bullmq/src/classes/redis-connection.ts:133:41

    console.log
      [Auth Controller] Login attempt: admin@saferide.com

      at AuthController.login (../src/modules/auth/auth.controller.ts:17:13)

    console.log
      [AuthService] Validating user: admin@saferide.com

      at AuthService.validateUser (../src/modules/auth/auth.service.ts:19:13)

    console.log
      [AuthService] User found: yes

      at AuthService.validateUser (../src/modules/auth/auth.service.ts:21:13)

    console.log
      [AuthService] User role: COMPANY_ADMIN

      at AuthService.validateUser (../src/modules/auth/auth.service.ts:23:15)

    console.log
      [AuthService] Comparing passwords...

      at AuthService.validateUser (../src/modules/auth/auth.service.ts:24:15)

    console.log
      [AuthService] Password match: true

      at AuthService.validateUser (../src/modules/auth/auth.service.ts:26:15)

    console.log
      [Auth Controller] User validation result: success

      at AuthController.login (../src/modules/auth/auth.controller.ts:19:13)

    console.log
      [Auth Controller] Login attempt: driver@saferide.com

      at AuthController.login (../src/modules/auth/auth.controller.ts:17:13)

    console.log
      [AuthService] Validating user: driver@saferide.com

      at AuthService.validateUser (../src/modules/auth/auth.service.ts:19:13)

    console.log
      [AuthService] User found: yes

      at AuthService.validateUser (../src/modules/auth/auth.service.ts:21:13)

    console.log
      [AuthService] User role: DRIVER

      at AuthService.validateUser (../src/modules/auth/auth.service.ts:23:15)

    console.log
      [AuthService] Comparing passwords...

      at AuthService.validateUser (../src/modules/auth/auth.service.ts:24:15)

    console.log
      [AuthService] Password match: true

      at AuthService.validateUser (../src/modules/auth/auth.service.ts:26:15)

    console.log
      [Auth Controller] User validation result: success

      at AuthController.login (../src/modules/auth/auth.controller.ts:19:13)

    console.log
      [Auth Controller] Login attempt: parent@test.com

      at AuthController.login (../src/modules/auth/auth.controller.ts:17:13)

    console.log
      [AuthService] Validating user: parent@test.com

      at AuthService.validateUser (../src/modules/auth/auth.service.ts:19:13)

    console.log
      [AuthService] User found: yes

      at AuthService.validateUser (../src/modules/auth/auth.service.ts:21:13)

    console.log
      [AuthService] User role: PARENT

      at AuthService.validateUser (../src/modules/auth/auth.service.ts:23:15)

    console.log
      [AuthService] Comparing passwords...

      at AuthService.validateUser (../src/modules/auth/auth.service.ts:24:15)

    console.log
      [AuthService] Password match: true

      at AuthService.validateUser (../src/modules/auth/auth.service.ts:26:15)

    console.log
      [Auth Controller] User validation result: success

      at AuthController.login (../src/modules/auth/auth.controller.ts:19:13)

    console.log
      Added child cb332058-0e38-430f-9e28-680adc415b61 to trip 
9b44a53b-d546-4105-ba43-7bfe6bcee681

      at ChildrenService.addChildToTodayTrips 
(../src/modules/children/children.service.ts:163:19)

    console.log
      Added child cb332058-0e38-430f-9e28-680adc415b61 to trip 
2a738416-e3d9-4a27-9350-33cc6c9311eb

      at ChildrenService.addChildToTodayTrips 
(../src/modules/children/children.service.ts:163:19)

    console.log
      Added child cb332058-0e38-430f-9e28-680adc415b61 to trip 
b5f18702-0b89-406b-aec6-ce954201ef21

      at ChildrenService.addChildToTodayTrips 
(../src/modules/children/children.service.ts:163:19)

    console.log
      Added child cb332058-0e38-430f-9e28-680adc415b61 to trip 
90132e3e-4f28-485c-8eae-cfe6c5c68b8b

      at ChildrenService.addChildToTodayTrips 
(../src/modules/children/children.service.ts:163:19)

    console.log
      Added child cb332058-0e38-430f-9e28-680adc415b61 to trip 
ab5d83f2-8ceb-4350-b784-b204010952eb

      at ChildrenService.addChildToTodayTrips 
(../src/modules/children/children.service.ts:163:19)

    console.log
      Successfully added child cb332058-0e38-430f-9e28-680adc415b61 to 5 
trip(s) for today

      at ChildrenService.addChildToTodayTrips 
(../src/modules/children/children.service.ts:168:17)

    console.log
      Added child e206403f-197d-4b48-b706-e618c8ebc588 to trip 
9b44a53b-d546-4105-ba43-7bfe6bcee681

      at ChildrenService.addChildToTodayTrips 
(../src/modules/children/children.service.ts:163:19)

    console.log
      Added child e206403f-197d-4b48-b706-e618c8ebc588 to trip 
2a738416-e3d9-4a27-9350-33cc6c9311eb

      at ChildrenService.addChildToTodayTrips 
(../src/modules/children/children.service.ts:163:19)

    console.log
      Added child e206403f-197d-4b48-b706-e618c8ebc588 to trip 
b5f18702-0b89-406b-aec6-ce954201ef21

      at ChildrenService.addChildToTodayTrips 
(../src/modules/children/children.service.ts:163:19)

    console.log
      Added child e206403f-197d-4b48-b706-e618c8ebc588 to trip 
90132e3e-4f28-485c-8eae-cfe6c5c68b8b

      at ChildrenService.addChildToTodayTrips 
(../src/modules/children/children.service.ts:163:19)

    console.log
      Added child e206403f-197d-4b48-b706-e618c8ebc588 to trip 
d1aee4bc-a830-44af-81e9-c1add503dba1

      at ChildrenService.addChildToTodayTrips 
(../src/modules/children/children.service.ts:163:19)

    console.log
      Successfully added child e206403f-197d-4b48-b706-e618c8ebc588 to 5 
trip(s) for today

      at ChildrenService.addChildToTodayTrips 
(../src/modules/children/children.service.ts:168:17)

    console.error
      [Attendance] Error creating notification or emitting event: 
PrismaClientValidationError: 
      Invalid `this.prisma.notification.create()` invocation in
      C:\Users\user\Desktop\qoder 
ROSAgo\rosago\backend\src\modules\attendance\attendance.service.ts:67:40
      
        64 const notificationTitle = status === 'PICKED_UP' ? 'Child Picked 
Up' : 'Child Dropped Off';
        65 const notificationMessage = `${childName} has been ${statusText}.`;
        66 
      ÔåÆ 67 await this.prisma.notification.create({
             data: {
               userId: null,
               title: "Child Picked Up",
               message: "Test Attendance has been picked up.",
               type: "PICKUP",
           +   user: {
           +     create: UserCreateWithoutNotificationsInput | 
UserUncheckedCreateWithoutNotificationsInput,
           +     connectOrCreate: UserCreateOrConnectWithoutNotificationsInput,
           +     connect: UserWhereUniqueInput
           +   }
             }
           })
      
      Argument `user` is missing.
          at wn (C:\Users\user\Desktop\qoder 
ROSAgo\rosago\backend\node_modules\@prisma\client\runtime\library.js:29:1363)
          at $n.handleRequestError (C:\Users\user\Desktop\qoder 
ROSAgo\rosago\backend\node_modules\@prisma\client\runtime\library.js:121:6958)
          at $n.handleAndLogRequestError (C:\Users\user\Desktop\qoder 
ROSAgo\rosago\backend\node_modules\@prisma\client\runtime\library.js:121:6623)
          at $n.request (C:\Users\user\Desktop\qoder 
ROSAgo\rosago\backend\node_modules\@prisma\client\runtime\library.js:121:6307)
          at l (C:\Users\user\Desktop\qoder 
ROSAgo\rosago\backend\node_modules\@prisma\client\runtime\library.js:130:9633)
          at AttendanceService.updateAttendance (C:\Users\user\Desktop\qoder 
ROSAgo\rosago\backend\src\modules\attendance\attendance.service.ts:67:9)
          at C:\Users\user\Desktop\qoder ROSAgo\rosago\backend\node_modules\@ne
stjs\core\router\router-execution-context.js:46:28
          at C:\Users\user\Desktop\qoder 
ROSAgo\rosago\backend\node_modules\@nestjs\core\router\router-proxy.js:9:17 {
        clientVersion: '5.22.0'
      }

      100 |       }
      101 |     } catch (error) {
    > 102 |       console.error('[Attendance] Error creating notification or 
emitting event:', error);
          |               ^
      103 |       // Don't fail the entire request if notification fails
      104 |     }
      105 |

      at AttendanceService.updateAttendance 
(../src/modules/attendance/attendance.service.ts:102:15)
      at ../node_modules/@nestjs/core/router/router-execution-context.js:46:28
      at ../node_modules/@nestjs/core/router/router-proxy.js:9:17

    console.error
      [Attendance] Error creating notification or emitting event: 
PrismaClientValidationError: 
      Invalid `this.prisma.notification.create()` invocation in
      C:\Users\user\Desktop\qoder 
ROSAgo\rosago\backend\src\modules\attendance\attendance.service.ts:67:40
      
        64 const notificationTitle = status === 'PICKED_UP' ? 'Child Picked 
Up' : 'Child Dropped Off';
        65 const notificationMessage = `${childName} has been ${statusText}.`;
        66 
      ÔåÆ 67 await this.prisma.notification.create({
             data: {
               userId: null,
               title: "Child Dropped Off",
               message: "Test Attendance has been dropped off at school.",
               type: "DROPOFF",
           +   user: {
           +     create: UserCreateWithoutNotificationsInput | 
UserUncheckedCreateWithoutNotificationsInput,
           +     connectOrCreate: UserCreateOrConnectWithoutNotificationsInput,
           +     connect: UserWhereUniqueInput
           +   }
             }
           })
      
      Argument `user` is missing.
          at wn (C:\Users\user\Desktop\qoder 
ROSAgo\rosago\backend\node_modules\@prisma\client\runtime\library.js:29:1363)
          at $n.handleRequestError (C:\Users\user\Desktop\qoder 
ROSAgo\rosago\backend\node_modules\@prisma\client\runtime\library.js:121:6958)
          at $n.handleAndLogRequestError (C:\Users\user\Desktop\qoder 
ROSAgo\rosago\backend\node_modules\@prisma\client\runtime\library.js:121:6623)
          at $n.request (C:\Users\user\Desktop\qoder 
ROSAgo\rosago\backend\node_modules\@prisma\client\runtime\library.js:121:6307)
          at l (C:\Users\user\Desktop\qoder 
ROSAgo\rosago\backend\node_modules\@prisma\client\runtime\library.js:130:9633)
          at AttendanceService.updateAttendance (C:\Users\user\Desktop\qoder 
ROSAgo\rosago\backend\src\modules\attendance\attendance.service.ts:67:9)
          at C:\Users\user\Desktop\qoder ROSAgo\rosago\backend\node_modules\@ne
stjs\core\router\router-execution-context.js:46:28
          at C:\Users\user\Desktop\qoder 
ROSAgo\rosago\backend\node_modules\@nestjs\core\router\router-proxy.js:9:17 {
        clientVersion: '5.22.0'
      }

      100 |       }
      101 |     } catch (error) {
    > 102 |       console.error('[Attendance] Error creating notification or 
emitting event:', error);
          |               ^
      103 |       // Don't fail the entire request if notification fails
      104 |     }
      105 |

      at AttendanceService.updateAttendance 
(../src/modules/attendance/attendance.service.ts:102:15)
      at ../node_modules/@nestjs/core/router/router-execution-context.js:46:28
      at ../node_modules/@nestjs/core/router/router-proxy.js:9:17

    console.error
      [Attendance] Error creating notification or emitting event: 
PrismaClientValidationError: 
      Invalid `this.prisma.notification.create()` invocation in
      C:\Users\user\Desktop\qoder 
ROSAgo\rosago\backend\src\modules\attendance\attendance.service.ts:67:40
      
        64 const notificationTitle = status === 'PICKED_UP' ? 'Child Picked 
Up' : 'Child Dropped Off';
        65 const notificationMessage = `${childName} has been ${statusText}.`;
        66 
      ÔåÆ 67 await this.prisma.notification.create({
             data: {
               userId: null,
               title: "Child Dropped Off",
               message: "Test Attendance has been waiting for pickup.",
               type: "DROPOFF",
           +   user: {
           +     create: UserCreateWithoutNotificationsInput | 
UserUncheckedCreateWithoutNotificationsInput,
           +     connectOrCreate: UserCreateOrConnectWithoutNotificationsInput,
           +     connect: UserWhereUniqueInput
           +   }
             }
           })
      
      Argument `user` is missing.
          at wn (C:\Users\user\Desktop\qoder 
ROSAgo\rosago\backend\node_modules\@prisma\client\runtime\library.js:29:1363)
          at $n.handleRequestError (C:\Users\user\Desktop\qoder 
ROSAgo\rosago\backend\node_modules\@prisma\client\runtime\library.js:121:6958)
          at $n.handleAndLogRequestError (C:\Users\user\Desktop\qoder 
ROSAgo\rosago\backend\node_modules\@prisma\client\runtime\library.js:121:6623)
          at $n.request (C:\Users\user\Desktop\qoder 
ROSAgo\rosago\backend\node_modules\@prisma\client\runtime\library.js:121:6307)
          at l (C:\Users\user\Desktop\qoder 
ROSAgo\rosago\backend\node_modules\@prisma\client\runtime\library.js:130:9633)
          at AttendanceService.updateAttendance (C:\Users\user\Desktop\qoder 
ROSAgo\rosago\backend\src\modules\attendance\attendance.service.ts:67:9)
          at C:\Users\user\Desktop\qoder ROSAgo\rosago\backend\node_modules\@ne
stjs\core\router\router-execution-context.js:46:28
          at C:\Users\user\Desktop\qoder 
ROSAgo\rosago\backend\node_modules\@nestjs\core\router\router-proxy.js:9:17 {
        clientVersion: '5.22.0'
      }

      100 |       }
      101 |     } catch (error) {
    > 102 |       console.error('[Attendance] Error creating notification or 
emitting event:', error);
          |               ^
      103 |       // Don't fail the entire request if notification fails
      104 |     }
      105 |

      at AttendanceService.updateAttendance 
(../src/modules/attendance/attendance.service.ts:102:15)
      at ../node_modules/@nestjs/core/router/router-execution-context.js:46:28
      at ../node_modules/@nestjs/core/router/router-proxy.js:9:17

FAIL test/auth.e2e-spec.ts (25.806 s)
  ÔùÅ Console

    console.error
      Error: Unhandled error. (Error: Redis version needs to be greater or 
equal than 5.0.0 Current: 3.0.504
          at RedisConnection.init (C:\Users\user\Desktop\qoder ROSAgo\rosago\ba
ckend\node_modules\bullmq\src\classes\redis-connection.ts:258:17)
          at processTicksAndRejections 
(node:internal/process/task_queues:103:5))
          at Queue.emit (node:events:497:17)
          at Queue.emit (C:\Users\user\Desktop\qoder 
ROSAgo\rosago\backend\node_modules\bullmq\src\classes\queue-base.ts:123:20)
          at Queue.emit (C:\Users\user\Desktop\qoder 
ROSAgo\rosago\backend\node_modules\bullmq\src\classes\queue.ts:192:18)
          at RedisConnection.<anonymous> (C:\Users\user\Desktop\qoder 
ROSAgo\rosago\backend\node_modules\bullmq\src\classes\queue-base.ts:75:56)
          at RedisConnection.emit (node:events:508:28)
          at C:\Users\user\Desktop\qoder ROSAgo\rosago\backend\node_modules\bul
lmq\src\classes\redis-connection.ts:133:41
          at processTicksAndRejections 
(node:internal/process/task_queues:103:5) {
        code: 'ERR_UNHANDLED_ERROR',
        context: Error: Redis version needs to be greater or equal than 5.0.0 
Current: 3.0.504
            at RedisConnection.init (C:\Users\user\Desktop\qoder ROSAgo\rosago\
backend\node_modules\bullmq\src\classes\redis-connection.ts:258:17)
            at processTicksAndRejections 
(node:internal/process/task_queues:103:5)
      }

      at Queue.emit (../node_modules/bullmq/src/classes/queue-base.ts:129:17)
      at Queue.emit (../node_modules/bullmq/src/classes/queue.ts:192:18)
      at RedisConnection.<anonymous> 
(../node_modules/bullmq/src/classes/queue-base.ts:75:56)
      at ../node_modules/bullmq/src/classes/redis-connection.ts:133:41

    console.error
      Error: Unhandled error. (Error: Redis version needs to be greater or 
equal than 5.0.0 Current: 3.0.504
          at RedisConnection.init (C:\Users\user\Desktop\qoder ROSAgo\rosago\ba
ckend\node_modules\bullmq\src\classes\redis-connection.ts:258:17)
          at processTicksAndRejections 
(node:internal/process/task_queues:103:5))
          at Queue.emit (node:events:497:17)
          at Queue.emit (C:\Users\user\Desktop\qoder 
ROSAgo\rosago\backend\node_modules\bullmq\src\classes\queue-base.ts:123:20)
          at Queue.emit (C:\Users\user\Desktop\qoder 
ROSAgo\rosago\backend\node_modules\bullmq\src\classes\queue.ts:192:18)
          at RedisConnection.<anonymous> (C:\Users\user\Desktop\qoder 
ROSAgo\rosago\backend\node_modules\bullmq\src\classes\queue-base.ts:75:56)
          at RedisConnection.emit (node:events:508:28)
          at C:\Users\user\Desktop\qoder ROSAgo\rosago\backend\node_modules\bul
lmq\src\classes\redis-connection.ts:133:41
          at processTicksAndRejections 
(node:internal/process/task_queues:103:5) {
        code: 'ERR_UNHANDLED_ERROR',
        context: Error: Redis version needs to be greater or equal than 5.0.0 
Current: 3.0.504
            at RedisConnection.init (C:\Users\user\Desktop\qoder ROSAgo\rosago\
backend\node_modules\bullmq\src\classes\redis-connection.ts:258:17)
            at processTicksAndRejections 
(node:internal/process/task_queues:103:5)
      }

      at Queue.emit (../node_modules/bullmq/src/classes/queue-base.ts:129:17)
      at Queue.emit (../node_modules/bullmq/src/classes/queue.ts:192:18)
      at RedisConnection.<anonymous> 
(../node_modules/bullmq/src/classes/queue-base.ts:75:56)
      at ../node_modules/bullmq/src/classes/redis-connection.ts:133:41

    console.log
      [Auth Controller] Login attempt: platform@saferide.com

      at AuthController.login (../src/modules/auth/auth.controller.ts:17:13)

    console.log
      [AuthService] Validating user: platform@saferide.com

      at AuthService.validateUser (../src/modules/auth/auth.service.ts:19:13)

    console.log
      [AuthService] User found: yes

      at AuthService.validateUser (../src/modules/auth/auth.service.ts:21:13)

    console.log
      [AuthService] User role: PLATFORM_ADMIN

      at AuthService.validateUser (../src/modules/auth/auth.service.ts:23:15)

    console.log
      [AuthService] Comparing passwords...

      at AuthService.validateUser (../src/modules/auth/auth.service.ts:24:15)

    console.log
      [AuthService] Password match: true

      at AuthService.validateUser (../src/modules/auth/auth.service.ts:26:15)

    console.log
      [Auth Controller] User validation result: success

      at AuthController.login (../src/modules/auth/auth.controller.ts:19:13)

    console.log
      [Auth Controller] Login attempt: admin@saferide.com

      at AuthController.login (../src/modules/auth/auth.controller.ts:17:13)

    console.log
      [AuthService] Validating user: admin@saferide.com

      at AuthService.validateUser (../src/modules/auth/auth.service.ts:19:13)

    console.log
      [AuthService] User found: yes

      at AuthService.validateUser (../src/modules/auth/auth.service.ts:21:13)

    console.log
      [AuthService] User role: COMPANY_ADMIN

      at AuthService.validateUser (../src/modules/auth/auth.service.ts:23:15)

    console.log
      [AuthService] Comparing passwords...

      at AuthService.validateUser (../src/modules/auth/auth.service.ts:24:15)

    console.log
      [AuthService] Password match: true

      at AuthService.validateUser (../src/modules/auth/auth.service.ts:26:15)

    console.log
      [Auth Controller] User validation result: success

      at AuthController.login (../src/modules/auth/auth.controller.ts:19:13)

    console.log
      [Auth Controller] Login attempt: driver@saferide.com

      at AuthController.login (../src/modules/auth/auth.controller.ts:17:13)

    console.log
      [AuthService] Validating user: driver@saferide.com

      at AuthService.validateUser (../src/modules/auth/auth.service.ts:19:13)

    console.log
      [AuthService] User found: yes

      at AuthService.validateUser (../src/modules/auth/auth.service.ts:21:13)

    console.log
      [AuthService] User role: DRIVER

      at AuthService.validateUser (../src/modules/auth/auth.service.ts:23:15)

    console.log
      [AuthService] Comparing passwords...

      at AuthService.validateUser (../src/modules/auth/auth.service.ts:24:15)

    console.log
      [AuthService] Password match: true

      at AuthService.validateUser (../src/modules/auth/auth.service.ts:26:15)

    console.log
      [Auth Controller] User validation result: success

      at AuthController.login (../src/modules/auth/auth.controller.ts:19:13)

    console.log
      [Auth Controller] Login attempt: parent@test.com

      at AuthController.login (../src/modules/auth/auth.controller.ts:17:13)

    console.log
      [AuthService] Validating user: parent@test.com

      at AuthService.validateUser (../src/modules/auth/auth.service.ts:19:13)

    console.log
      [AuthService] User found: yes

      at AuthService.validateUser (../src/modules/auth/auth.service.ts:21:13)

    console.log
      [AuthService] User role: PARENT

      at AuthService.validateUser (../src/modules/auth/auth.service.ts:23:15)

    console.log
      [AuthService] Comparing passwords...

      at AuthService.validateUser (../src/modules/auth/auth.service.ts:24:15)

    console.log
      [AuthService] Password match: true

      at AuthService.validateUser (../src/modules/auth/auth.service.ts:26:15)

    console.log
      [Auth Controller] User validation result: success

      at AuthController.login (../src/modules/auth/auth.controller.ts:19:13)

    console.log
      [Auth Controller] Login attempt: platform@saferide.com

      at AuthController.login (../src/modules/auth/auth.controller.ts:17:13)

    console.log
      [AuthService] Validating user: platform@saferide.com

      at AuthService.validateUser (../src/modules/auth/auth.service.ts:19:13)

    console.log
      [AuthService] User found: yes

      at AuthService.validateUser (../src/modules/auth/auth.service.ts:21:13)

    console.log
      [AuthService] User role: PLATFORM_ADMIN

      at AuthService.validateUser (../src/modules/auth/auth.service.ts:23:15)

    console.log
      [AuthService] Comparing passwords...

      at AuthService.validateUser (../src/modules/auth/auth.service.ts:24:15)

    console.log
      [AuthService] Password match: false

      at AuthService.validateUser (../src/modules/auth/auth.service.ts:26:15)

    console.log
      [Auth Controller] User validation result: failed

      at AuthController.login (../src/modules/auth/auth.controller.ts:19:13)

    console.log
      [Auth Controller] Login attempt: nonexistent@example.com

      at AuthController.login (../src/modules/auth/auth.controller.ts:17:13)

    console.log
      [AuthService] Validating user: nonexistent@example.com

      at AuthService.validateUser (../src/modules/auth/auth.service.ts:19:13)

    console.log
      [AuthService] User found: no

      at AuthService.validateUser (../src/modules/auth/auth.service.ts:21:13)

    console.log
      [Auth Controller] User validation result: failed

      at AuthController.login (../src/modules/auth/auth.controller.ts:19:13)

    console.log
      [Auth Controller] Login attempt: undefined

      at AuthController.login (../src/modules/auth/auth.controller.ts:17:13)

    console.log
      [AuthService] Validating user: undefined

      at AuthService.validateUser (../src/modules/auth/auth.service.ts:19:13)

    console.log
      [Auth Controller] Login attempt: parent@test.com

      at AuthController.login (../src/modules/auth/auth.controller.ts:17:13)

    console.log
      [AuthService] Validating user: parent@test.com

      at AuthService.validateUser (../src/modules/auth/auth.service.ts:19:13)

    console.log
      [AuthService] User found: yes

      at AuthService.validateUser (../src/modules/auth/auth.service.ts:21:13)

    console.log
      [AuthService] User role: PARENT

      at AuthService.validateUser (../src/modules/auth/auth.service.ts:23:15)

    console.log
      [AuthService] Comparing passwords...

      at AuthService.validateUser (../src/modules/auth/auth.service.ts:24:15)

    console.log
      [AuthService] Password match: true

      at AuthService.validateUser (../src/modules/auth/auth.service.ts:26:15)

    console.log
      [Auth Controller] User validation result: success

      at AuthController.login (../src/modules/auth/auth.controller.ts:19:13)

    console.log
      [Auth Controller] Login attempt: parent@test.com

      at AuthController.login (../src/modules/auth/auth.controller.ts:17:13)

    console.log
      [AuthService] Validating user: parent@test.com

      at AuthService.validateUser (../src/modules/auth/auth.service.ts:19:13)

    console.log
      [AuthService] User found: yes

      at AuthService.validateUser (../src/modules/auth/auth.service.ts:21:13)

    console.log
      [AuthService] User role: PARENT

      at AuthService.validateUser (../src/modules/auth/auth.service.ts:23:15)

    console.log
      [AuthService] Comparing passwords...

      at AuthService.validateUser (../src/modules/auth/auth.service.ts:24:15)

    console.log
      [AuthService] Password match: true

      at AuthService.validateUser (../src/modules/auth/auth.service.ts:26:15)

    console.log
      [Auth Controller] User validation result: success

      at AuthController.login (../src/modules/auth/auth.controller.ts:19:13)

    console.log
      [Auth Controller] Login attempt: parent@test.com

      at AuthController.login (../src/modules/auth/auth.controller.ts:17:13)

    console.log
      [AuthService] Validating user: parent@test.com

      at AuthService.validateUser (../src/modules/auth/auth.service.ts:19:13)

    console.log
      [AuthService] User found: yes

      at AuthService.validateUser (../src/modules/auth/auth.service.ts:21:13)

    console.log
      [AuthService] User role: PARENT

      at AuthService.validateUser (../src/modules/auth/auth.service.ts:23:15)

    console.log
      [AuthService] Comparing passwords...

      at AuthService.validateUser (../src/modules/auth/auth.service.ts:24:15)

    console.log
      [AuthService] Password match: true

      at AuthService.validateUser (../src/modules/auth/auth.service.ts:26:15)

    console.log
      [Auth Controller] User validation result: success

      at AuthController.login (../src/modules/auth/auth.controller.ts:19:13)

    console.log
      [Auth Controller] Login attempt: parent@test.com

      at AuthController.login (../src/modules/auth/auth.controller.ts:17:13)

    console.log
      [AuthService] Validating user: parent@test.com

      at AuthService.validateUser (../src/modules/auth/auth.service.ts:19:13)

    console.log
      [AuthService] User found: yes

      at AuthService.validateUser (../src/modules/auth/auth.service.ts:21:13)

    console.log
      [AuthService] User role: PARENT

      at AuthService.validateUser (../src/modules/auth/auth.service.ts:23:15)

    console.log
      [AuthService] Comparing passwords...

      at AuthService.validateUser (../src/modules/auth/auth.service.ts:24:15)

    console.log
      [AuthService] Password match: true

      at AuthService.validateUser (../src/modules/auth/auth.service.ts:26:15)

    console.log
      [Auth Controller] User validation result: success

      at AuthController.login (../src/modules/auth/auth.controller.ts:19:13)

    console.log
      [Auth Controller] Login attempt: driver@saferide.com

      at AuthController.login (../src/modules/auth/auth.controller.ts:17:13)

    console.log
      [AuthService] Validating user: driver@saferide.com

      at AuthService.validateUser (../src/modules/auth/auth.service.ts:19:13)

    console.log
      [AuthService] User found: yes

      at AuthService.validateUser (../src/modules/auth/auth.service.ts:21:13)

    console.log
      [AuthService] User role: DRIVER

      at AuthService.validateUser (../src/modules/auth/auth.service.ts:23:15)

    console.log
      [AuthService] Comparing passwords...

      at AuthService.validateUser (../src/modules/auth/auth.service.ts:24:15)

    console.log
      [AuthService] Password match: true

      at AuthService.validateUser (../src/modules/auth/auth.service.ts:26:15)

    console.log
      [Auth Controller] User validation result: success

      at AuthController.login (../src/modules/auth/auth.controller.ts:19:13)

    console.log
      [Auth Controller] Login attempt: admin@saferide.com

      at AuthController.login (../src/modules/auth/auth.controller.ts:17:13)

    console.log
      [AuthService] Validating user: admin@saferide.com

      at AuthService.validateUser (../src/modules/auth/auth.service.ts:19:13)

    console.log
      [AuthService] User found: yes

      at AuthService.validateUser (../src/modules/auth/auth.service.ts:21:13)

    console.log
      [AuthService] User role: COMPANY_ADMIN

      at AuthService.validateUser (../src/modules/auth/auth.service.ts:23:15)

    console.log
      [AuthService] Comparing passwords...

      at AuthService.validateUser (../src/modules/auth/auth.service.ts:24:15)

    console.log
      [AuthService] Password match: true

      at AuthService.validateUser (../src/modules/auth/auth.service.ts:26:15)

    console.log
      [Auth Controller] User validation result: success

      at AuthController.login (../src/modules/auth/auth.controller.ts:19:13)

    console.log
      [Auth Controller] Login attempt: platform@saferide.com

      at AuthController.login (../src/modules/auth/auth.controller.ts:17:13)

    console.log
      [AuthService] Validating user: platform@saferide.com

      at AuthService.validateUser (../src/modules/auth/auth.service.ts:19:13)

    console.log
      [AuthService] User found: yes

      at AuthService.validateUser (../src/modules/auth/auth.service.ts:21:13)

    console.log
      [AuthService] User role: PLATFORM_ADMIN

      at AuthService.validateUser (../src/modules/auth/auth.service.ts:23:15)

    console.log
      [AuthService] Comparing passwords...

      at AuthService.validateUser (../src/modules/auth/auth.service.ts:24:15)

    console.log
      [AuthService] Password match: true

      at AuthService.validateUser (../src/modules/auth/auth.service.ts:26:15)

    console.log
      [Auth Controller] User validation result: success

      at AuthController.login (../src/modules/auth/auth.controller.ts:19:13)

  ÔùÅ Authentication (e2e) ÔÇ║ POST /auth/login ÔÇ║ should reject missing 
credentials

    expected 400 "Bad Request", got 500 "Internal Server Error"

      101 |         .post('/auth/login')
      102 |         .send({})
    > 103 |         .expect(400);
          |          ^
      104 |     });
      105 |   });
      106 |

      at Object.<anonymous> (auth.e2e-spec.ts:103:10)
      ----
      at Test._assertStatus (../node_modules/supertest/lib/test.js:309:14)
      at ../node_modules/supertest/lib/test.js:365:13
      at Test._assertFunction (../node_modules/supertest/lib/test.js:342:13)
      at Test.assert (../node_modules/supertest/lib/test.js:195:23)
      at localAssert (../node_modules/supertest/lib/test.js:138:14)
      at Server.<anonymous> (../node_modules/supertest/lib/test.js:152:11)

  ÔùÅ Authentication (e2e) ÔÇ║ POST /auth/signup ÔÇ║ should reject weak 
password

    expect(received).toContain(expected) // indexOf

    Expected value: 201
    Received array: [400, 409]

      167 |       
      168 |       // Should fail with 400 Bad Request due to validation
    > 169 |       expect([400, 409]).toContain(res.status);
          |                          ^
      170 |     });
      171 |
      172 |     it('should reject invalid email format', async () => {

      at Object.<anonymous> (auth.e2e-spec.ts:169:26)

A worker process has failed to exit gracefully and has been force exited. This 
is likely caused by tests leaking due to improper teardown. Try running with 
--detectOpenHandles to find leaks. Active timers can also cause this, ensure 
that .unref() was called on them.
Test Suites: 2 failed, 2 passed, 4 total
Tests:       5 failed, 34 passed, 39 total
Snapshots:   0 total
Time:        29.563 s, estimated 30 s
Ran all test suites.
